// 重构日志: bddc0742
// 重构日志: 1df84fd4
// 重构日志: fe740ca0
// 重构日志: 1497c4d8
// 同步 ID: 6869f505 @ Wed Jul 29 10:53:11 UTC 2026
// 重构日志: c8eccf26
// 重构日志: 352280fe
// 同步 ID: 29132ec4 @ Thu Jul 30 09:51:32 UTC 2026
// 重构日志: 916ab595
// 重构日志: 367c0068
// 同步 ID: 1a26b3d6 @ Fri Jul 31 19:16:39 UTC 2026
// 同步 ID: 6be99c1c @ Fri Jul 31 23:53:48 UTC 2026
// 重构日志: f85c6e29
// 重构日志: ad2b0114
// 重构日志: e44d68fd
// 重构日志: 2515a968
// 同步 ID: 471d41b1 @ Wed Aug  5 17:16:47 UTC 2026
// 重构日志: fd1e2766
// 同步 ID: 3c523860 @ Fri Aug  7 04:16:01 UTC 2026
// 重构日志: 402ba859
// 同步 ID: e90cb762 @ Fri Aug  7 16:35:11 UTC 2026
// 同步 ID: fdeee1d4 @ Fri Aug  7 17:27:07 UTC 2026
// 重构日志: cdfe4bd4
// 重构日志: 8629859f
// 重构日志: 0326be09
// 重构日志: f731d970
// 同步 ID: a46d92da @ Sat Aug  8 07:32:02 UTC 2026
// 同步 ID: 2353f6de @ Sat Aug  8 09:06:48 UTC 2026
// 重构日志: 47ad0617
// 同步 ID: aabe1008 @ Sat Aug  8 13:46:47 UTC 2026
